
> nextjs-askme@1.0.0 build
> next build

  тЦ▓ Next.js 14.2.15

   Creating an optimized production build ...
node.exe : Failed to compile.
строка:1 знак:1
+ & "C:\Program Files\nodejs/n
ode.exe" "C:\Program Files\nod
ejs/node_mo ...
+ ~~~~~~~~~~~~~~~~~~~~~~~~~~~~
~~~~~~~~~~~~~~~~~~~~~~~~~~~~~~
~~~~~~~~~~~
    + CategoryInfo          : 
    NotSpecified: (Failed to  
   compile.:String) [], Rem   
 oteException
    + FullyQualifiedErrorId : 
    NativeCommandError
 

./src/app/question/[id]/page.t
sx
Error: 
  [31mx[0m Expression expect
ed
     ,-[[36;1;4mD:\OLD\deskto
p\carreer\freelance\ruso\nextj
s-askme\src\app\question\[id]\
page.tsx[0m:444:1]
 [2m444[0m |   );
 [2m445[0m | 
 [2m446[0m |   return (
 [2m447[0m |     <>
     : [31;1m     ^[0m
 [2m448[0m |       <Header /
>
 [2m449[0m |       <div clas
sName="container">
 [2m450[0m |         <div cl
assName="breadcrumbs">
     `----

  [31mx[0m Expected ',', got
 'className'
     ,-[[36;1;4mD:\OLD\deskto
p\carreer\freelance\ruso\nextj
s-askme\src\app\question\[id]\
page.tsx[0m:446:1]
 [2m446[0m |   return (
 [2m447[0m |     <>
 [2m448[0m |       <Header /
>
 [2m449[0m |       <div clas
sName="container">
     : [31;1m           ^^^^^
^^^^[0m
 [2m450[0m |         <div cl
assName="breadcrumbs">
 [2m451[0m |           <Link
 href="/" className="breadcrum
bs__link">
 [2m452[0m |             ╨У╨
╗╨░╨▓╨╜╨░╤П
     `----

Caused by:
    Syntax Error

Import trace for requested mod
ule:
./src/app/question/[id]/page.t
sx


> Build failed because of webp
ack errors
